dut_top.v
cpu/rtl/cpu_cfig.h
mmu/rtl/sysmap.h
common/rtl/booth_code.v
common/rtl/booth_code_v1.v
common/rtl/compressor_32.v
common/rtl/compressor_42.v
common/rtl/BUFGCE.v
plic/rtl/csky_apb_1tox_matrix.v
biu/rtl/ct_biu_csr_req_arbiter.v
biu/rtl/ct_biu_lowpower.v
biu/rtl/ct_biu_other_io_sync.v
biu/rtl/ct_biu_read_channel.v
biu/rtl/ct_biu_req_arbiter.v
biu/rtl/ct_biu_snoop_channel.v
biu/rtl/ct_biu_top.v
biu/rtl/ct_biu_write_channel.v
ciu/rtl/ct_ciu_apbif.v
ciu/rtl/ct_ciu_bmbif.v
ciu/rtl/ct_ciu_bmbif_kid.v
ciu/rtl/ct_ciu_ctcq.v
ciu/rtl/ct_ciu_ctcq_reqq_entry.v
ciu/rtl/ct_ciu_ctcq_respq_entry.v
ciu/rtl/ct_ciu_ebiuif.v
ciu/rtl/ct_ciu_l2cif.v
ciu/rtl/ct_ciu_ncq.v
ciu/rtl/ct_ciu_ncq_gm.v
ciu/rtl/ct_ciu_regs.v
ciu/rtl/ct_ciu_regs_kid.v
ciu/rtl/ct_ciu_snb.v
ciu/rtl/ct_ciu_snb_arb.v
ciu/rtl/ct_ciu_snb_dp_sel.v
ciu/rtl/ct_ciu_snb_dp_sel_16.v
ciu/rtl/ct_ciu_snb_dp_sel_8.v
ciu/rtl/ct_ciu_snb_sab.v
ciu/rtl/ct_ciu_snb_sab_entry.v
ciu/rtl/ct_ciu_top.v
ciu/rtl/ct_ciu_vb.v
ciu/rtl/ct_ciu_vb_aw_entry.v
clint/rtl/ct_clint_func.v
clint/rtl/ct_clint_top.v
clk/rtl/ct_clk_top.v
cpu/rtl/ct_core.v
cp0/rtl/ct_cp0_iui.v
cp0/rtl/ct_cp0_lpmd.v
cp0/rtl/ct_cp0_regs.v
cp0/rtl/ct_cp0_top.v
ciu/rtl/ct_ebiu_cawt_entry.v
ciu/rtl/ct_ebiu_lowpower.v
ciu/rtl/ct_ebiu_ncwt_entry.v
ciu/rtl/ct_ebiu_read_channel.v
ciu/rtl/ct_ebiu_snoop_channel_dummy.v
ciu/rtl/ct_ebiu_top.v
ciu/rtl/ct_ebiu_write_channel.v
fpga/rtl/ct_f_spsram_1024x128.v
fpga/rtl/ct_f_spsram_1024x144.v
fpga/rtl/ct_f_spsram_1024x32.v
fpga/rtl/ct_f_spsram_1024x59.v
fpga/rtl/ct_f_spsram_1024x64.v
fpga/rtl/ct_f_spsram_1024x92.v
fpga/rtl/ct_f_spsram_128x104.v
fpga/rtl/ct_f_spsram_128x144.v
fpga/rtl/ct_f_spsram_128x16.v
fpga/rtl/ct_f_spsram_16384x128.v
fpga/rtl/ct_f_spsram_2048x128.v
fpga/rtl/ct_f_spsram_2048x144.v
fpga/rtl/ct_f_spsram_2048x32.v
fpga/rtl/ct_f_spsram_2048x59.v
fpga/rtl/ct_f_spsram_2048x88.v
fpga/rtl/ct_f_spsram_256x100.v
fpga/rtl/ct_f_spsram_256x144.v
fpga/rtl/ct_f_spsram_256x196.v
fpga/rtl/ct_f_spsram_256x23.v
fpga/rtl/ct_f_spsram_256x52.v
fpga/rtl/ct_f_spsram_256x54.v
fpga/rtl/ct_f_spsram_256x59.v
fpga/rtl/ct_f_spsram_256x7.v
fpga/rtl/ct_f_spsram_256x84.v
fpga/rtl/ct_f_spsram_32768x128.v
fpga/rtl/ct_f_spsram_4096x128.v
fpga/rtl/ct_f_spsram_4096x144.v
fpga/rtl/ct_f_spsram_4096x32.v
fpga/rtl/ct_f_spsram_4096x84.v
fpga/rtl/ct_f_spsram_512x144.v
fpga/rtl/ct_f_spsram_512x22.v
fpga/rtl/ct_f_spsram_512x44.v
fpga/rtl/ct_f_spsram_512x52.v
fpga/rtl/ct_f_spsram_512x54.v
fpga/rtl/ct_f_spsram_512x59.v
fpga/rtl/ct_f_spsram_512x7.v
fpga/rtl/ct_f_spsram_512x96.v
fpga/rtl/ct_f_spsram_64x108.v
fpga/rtl/ct_f_spsram_65536x128.v
fpga/rtl/ct_f_spsram_8192x128.v
fpga/rtl/ct_f_spsram_8192x32.v
vfalu/rtl/ct_fadd_close_s0_d.v
vfalu/rtl/ct_fadd_close_s0_h.v
vfalu/rtl/ct_fadd_close_s1_d.v
vfalu/rtl/ct_fadd_close_s1_h.v
vfalu/rtl/ct_fadd_ctrl.v
vfalu/rtl/ct_fadd_double_dp.v
vfalu/rtl/ct_fadd_half_dp.v
vfalu/rtl/ct_fadd_onehot_sel_d.v
vfalu/rtl/ct_fadd_onehot_sel_h.v
vfalu/rtl/ct_fadd_scalar_dp.v
vfalu/rtl/ct_fadd_top.v
vfalu/rtl/ct_fcnvt_ctrl.v
vfalu/rtl/ct_fcnvt_double_dp.v
vfalu/rtl/ct_fcnvt_dtoh_sh.v
vfalu/rtl/ct_fcnvt_dtos_sh.v
vfalu/rtl/ct_fcnvt_ftoi_sh.v
vfalu/rtl/ct_fcnvt_htos_sh.v
vfalu/rtl/ct_fcnvt_itof_sh.v
vfalu/rtl/ct_fcnvt_scalar_dp.v
vfalu/rtl/ct_fcnvt_stod_sh.v
vfalu/rtl/ct_fcnvt_stoh_sh.v
vfalu/rtl/ct_fcnvt_top.v
ciu/rtl/ct_fifo.v
vfalu/rtl/ct_fspu_ctrl.v
vfalu/rtl/ct_fspu_double.v
vfalu/rtl/ct_fspu_dp.v
vfalu/rtl/ct_fspu_half.v
vfalu/rtl/ct_fspu_single.v
vfalu/rtl/ct_fspu_top.v
had/rtl/ct_had_bkpt.v
had/rtl/ct_had_common_dbg_info.v
had/rtl/ct_had_common_regs.v
had/rtl/ct_had_common_top.v
had/rtl/ct_had_ctrl.v
had/rtl/ct_had_dbg_info.v
had/rtl/ct_had_ddc_ctrl.v
had/rtl/ct_had_ddc_dp.v
had/rtl/ct_had_etm.v
had/rtl/ct_had_etm_if.v
had/rtl/ct_had_event.v
had/rtl/ct_had_io.v
had/rtl/ct_had_ir.v
had/rtl/ct_had_nirv_bkpt.v
had/rtl/ct_had_pcfifo.v
had/rtl/ct_had_private_ir.v
had/rtl/ct_had_private_top.v
had/rtl/ct_had_regs.v
had/rtl/ct_had_serial.v
had/rtl/ct_had_sm.v
had/rtl/ct_had_sync_3flop.v
had/rtl/ct_had_trace.v
pmu/rtl/ct_hpcp_adder_sel.v
pmu/rtl/ct_hpcp_cnt.v
pmu/rtl/ct_hpcp_cntinten_reg.v
pmu/rtl/ct_hpcp_cntof_reg.v
pmu/rtl/ct_hpcp_event.v
pmu/rtl/ct_hpcp_top.v
idu/rtl/ct_idu_dep_reg_entry.v
idu/rtl/ct_idu_dep_reg_src2_entry.v
idu/rtl/ct_idu_dep_vreg_entry.v
idu/rtl/ct_idu_dep_vreg_srcv2_entry.v
idu/rtl/ct_idu_id_ctrl.v
idu/rtl/ct_idu_id_decd.v
idu/rtl/ct_idu_id_decd_special.v
idu/rtl/ct_idu_id_dp.v
idu/rtl/ct_idu_id_fence.v
idu/rtl/ct_idu_id_split_long.v
idu/rtl/ct_idu_id_split_short.v
idu/rtl/ct_idu_ir_ctrl.v
idu/rtl/ct_idu_ir_decd.v
idu/rtl/ct_idu_ir_dp.v
idu/rtl/ct_idu_ir_frt.v
idu/rtl/ct_idu_ir_rt.v
idu/rtl/ct_idu_ir_vrt.v
idu/rtl/ct_idu_is_aiq0.v
idu/rtl/ct_idu_is_aiq0_entry.v
idu/rtl/ct_idu_is_aiq1.v
idu/rtl/ct_idu_is_aiq1_entry.v
idu/rtl/ct_idu_is_aiq_lch_rdy_1.v
idu/rtl/ct_idu_is_aiq_lch_rdy_2.v
idu/rtl/ct_idu_is_aiq_lch_rdy_3.v
idu/rtl/ct_idu_is_biq.v
idu/rtl/ct_idu_is_biq_entry.v
idu/rtl/ct_idu_is_ctrl.v
idu/rtl/ct_idu_is_dp.v
idu/rtl/ct_idu_is_lsiq.v
idu/rtl/ct_idu_is_lsiq_entry.v
idu/rtl/ct_idu_is_pipe_entry.v
idu/rtl/ct_idu_is_sdiq.v
idu/rtl/ct_idu_is_sdiq_entry.v
idu/rtl/ct_idu_is_viq0.v
idu/rtl/ct_idu_is_viq0_entry.v
idu/rtl/ct_idu_is_viq1.v
idu/rtl/ct_idu_is_viq1_entry.v
idu/rtl/ct_idu_rf_ctrl.v
idu/rtl/ct_idu_rf_dp.v
idu/rtl/ct_idu_rf_fwd.v
idu/rtl/ct_idu_rf_fwd_preg.v
idu/rtl/ct_idu_rf_fwd_vreg.v
idu/rtl/ct_idu_rf_pipe0_decd.v
idu/rtl/ct_idu_rf_pipe1_decd.v
idu/rtl/ct_idu_rf_pipe2_decd.v
idu/rtl/ct_idu_rf_pipe3_decd.v
idu/rtl/ct_idu_rf_pipe4_decd.v
idu/rtl/ct_idu_rf_pipe6_decd.v
idu/rtl/ct_idu_rf_pipe7_decd.v
idu/rtl/ct_idu_rf_prf_eregfile.v
idu/rtl/ct_idu_rf_prf_fregfile.v
idu/rtl/ct_idu_rf_prf_gated_ereg.v
idu/rtl/ct_idu_rf_prf_gated_preg.v
idu/rtl/ct_idu_rf_prf_gated_vreg.v
idu/rtl/ct_idu_rf_prf_pregfile.v
idu/rtl/ct_idu_rf_prf_vregfile.v
idu/rtl/ct_idu_top.v
ifu/rtl/ct_ifu_addrgen.v
ifu/rtl/ct_ifu_bht.v
ifu/rtl/ct_ifu_bht_pre_array.v
ifu/rtl/ct_ifu_bht_sel_array.v
ifu/rtl/ct_ifu_btb.v
ifu/rtl/ct_ifu_btb_data_array.v
ifu/rtl/ct_ifu_btb_tag_array.v
ifu/rtl/ct_ifu_debug.v
ifu/rtl/ct_ifu_decd_normal.v
ifu/rtl/ct_ifu_ibctrl.v
ifu/rtl/ct_ifu_ibdp.v
ifu/rtl/ct_ifu_ibuf.v
ifu/rtl/ct_ifu_ibuf_entry.v
ifu/rtl/ct_ifu_icache_data_array0.v
ifu/rtl/ct_ifu_icache_data_array1.v
ifu/rtl/ct_ifu_icache_if.v
ifu/rtl/ct_ifu_icache_predecd_array0.v
ifu/rtl/ct_ifu_icache_predecd_array1.v
ifu/rtl/ct_ifu_icache_tag_array.v
ifu/rtl/ct_ifu_ifctrl.v
ifu/rtl/ct_ifu_ifdp.v
ifu/rtl/ct_ifu_ind_btb.v
ifu/rtl/ct_ifu_ind_btb_array.v
ifu/rtl/ct_ifu_ipb.v
ifu/rtl/ct_ifu_ipctrl.v
ifu/rtl/ct_ifu_ipdecode.v
ifu/rtl/ct_ifu_ipdp.v
ifu/rtl/ct_ifu_l0_btb.v
ifu/rtl/ct_ifu_l0_btb_entry.v
ifu/rtl/ct_ifu_l1_refill.v
ifu/rtl/ct_ifu_lbuf.v
ifu/rtl/ct_ifu_lbuf_entry.v
ifu/rtl/ct_ifu_pcfifo_if.v
ifu/rtl/ct_ifu_pcgen.v
ifu/rtl/ct_ifu_precode.v
ifu/rtl/ct_ifu_ras.v
ifu/rtl/ct_ifu_sfp.v
ifu/rtl/ct_ifu_sfp_entry.v
ifu/rtl/ct_ifu_top.v
ifu/rtl/ct_ifu_vector.v
iu/rtl/ct_iu_alu.v
iu/rtl/ct_iu_bju.v
iu/rtl/ct_iu_bju_pcfifo.v
iu/rtl/ct_iu_bju_pcfifo_entry.v
iu/rtl/ct_iu_bju_pcfifo_read_entry.v
iu/rtl/ct_iu_cbus.v
iu/rtl/ct_iu_div.v
iu/rtl/ct_iu_div_entry.v
iu/rtl/ct_iu_div_srt_radix16.v
iu/rtl/ct_iu_mult.v
iu/rtl/ct_iu_rbus.v
iu/rtl/ct_iu_special.v
iu/rtl/ct_iu_top.v
l2c/rtl/ct_l2c_cmp.v
l2c/rtl/ct_l2c_data.v
l2c/rtl/ct_l2c_icc.v
l2c/rtl/ct_l2c_prefetch.v
l2c/rtl/ct_l2c_sub_bank.v
l2c/rtl/ct_l2c_tag.v
l2c/rtl/ct_l2c_tag_ecc.v
l2c/rtl/ct_l2c_top.v
l2c/rtl/ct_l2c_wb.v
l2c/rtl/ct_l2cache_data_array.v
l2c/rtl/ct_l2cache_dirty_array_16way.v
l2c/rtl/ct_l2cache_tag_array_16way.v
l2c/rtl/ct_l2cache_top.v
lsu/rtl/ct_lsu_amr.v
lsu/rtl/ct_lsu_bus_arb.v
lsu/rtl/ct_lsu_cache_buffer.v
lsu/rtl/ct_lsu_ctrl.v
lsu/rtl/ct_lsu_dcache_arb.v
lsu/rtl/ct_lsu_dcache_data_array.v
lsu/rtl/ct_lsu_dcache_dirty_array.v
lsu/rtl/ct_lsu_dcache_info_update.v
lsu/rtl/ct_lsu_dcache_ld_tag_array.v
lsu/rtl/ct_lsu_dcache_tag_array.v
lsu/rtl/ct_lsu_dcache_top.v
lsu/rtl/ct_lsu_icc.v
lsu/rtl/ct_lsu_idfifo_8.v
lsu/rtl/ct_lsu_idfifo_entry.v
lsu/rtl/ct_lsu_ld_ag.v
lsu/rtl/ct_lsu_ld_da.v
lsu/rtl/ct_lsu_ld_dc.v
lsu/rtl/ct_lsu_ld_wb.v
lsu/rtl/ct_lsu_lfb.v
lsu/rtl/ct_lsu_lfb_addr_entry.v
lsu/rtl/ct_lsu_lfb_data_entry.v
lsu/rtl/ct_lsu_lm.v
lsu/rtl/ct_lsu_lq.v
lsu/rtl/ct_lsu_lq_entry.v
lsu/rtl/ct_lsu_mcic.v
lsu/rtl/ct_lsu_pfu.v
lsu/rtl/ct_lsu_pfu_gpfb.v
lsu/rtl/ct_lsu_pfu_gsdb.v
lsu/rtl/ct_lsu_pfu_pfb_entry.v
lsu/rtl/ct_lsu_pfu_pfb_l1sm.v
lsu/rtl/ct_lsu_pfu_pfb_l2sm.v
lsu/rtl/ct_lsu_pfu_pfb_tsm.v
lsu/rtl/ct_lsu_pfu_pmb_entry.v
lsu/rtl/ct_lsu_pfu_sdb_cmp.v
lsu/rtl/ct_lsu_pfu_sdb_entry.v
lsu/rtl/ct_lsu_rb.v
lsu/rtl/ct_lsu_rb_entry.v
lsu/rtl/ct_lsu_rot_data.v
lsu/rtl/ct_lsu_sd_ex1.v
lsu/rtl/ct_lsu_snoop_ctcq.v
lsu/rtl/ct_lsu_snoop_ctcq_entry.v
lsu/rtl/ct_lsu_snoop_req_arbiter.v
lsu/rtl/ct_lsu_snoop_resp.v
lsu/rtl/ct_lsu_snoop_snq.v
lsu/rtl/ct_lsu_snoop_snq_entry.v
lsu/rtl/ct_lsu_spec_fail_predict.v
lsu/rtl/ct_lsu_sq.v
lsu/rtl/ct_lsu_sq_entry.v
lsu/rtl/ct_lsu_st_ag.v
lsu/rtl/ct_lsu_st_da.v
lsu/rtl/ct_lsu_st_dc.v
lsu/rtl/ct_lsu_st_wb.v
lsu/rtl/ct_lsu_top.v
lsu/rtl/ct_lsu_vb.v
lsu/rtl/ct_lsu_vb_addr_entry.v
lsu/rtl/ct_lsu_vb_sdb_data.v
lsu/rtl/ct_lsu_vb_sdb_data_entry.v
lsu/rtl/ct_lsu_wmb.v
lsu/rtl/ct_lsu_wmb_ce.v
lsu/rtl/ct_lsu_wmb_entry.v
mmu/rtl/ct_mmu_arb.v
mmu/rtl/ct_mmu_dplru.v
mmu/rtl/ct_mmu_dutlb.v
mmu/rtl/ct_mmu_dutlb_entry.v
mmu/rtl/ct_mmu_dutlb_huge_entry.v
mmu/rtl/ct_mmu_dutlb_read.v
mmu/rtl/ct_mmu_iplru.v
mmu/rtl/ct_mmu_iutlb.v
mmu/rtl/ct_mmu_iutlb_entry.v
mmu/rtl/ct_mmu_iutlb_fst_entry.v
mmu/rtl/ct_mmu_jtlb.v
mmu/rtl/ct_mmu_jtlb_data_array.v
mmu/rtl/ct_mmu_jtlb_tag_array.v
mmu/rtl/ct_mmu_ptw.v
mmu/rtl/ct_mmu_regs.v
mmu/rtl/ct_mmu_sysmap.v
mmu/rtl/ct_mmu_sysmap_hit.v
mmu/rtl/ct_mmu_tlboper.v
mmu/rtl/ct_mmu_top.v
clk/rtl/ct_mp_clk_top.v
rst/rtl/ct_mp_rst_top.v
cpu/rtl/openC910.v
ciu/rtl/ct_piu_other_io.v
ciu/rtl/ct_piu_other_io_dummy.v
ciu/rtl/ct_piu_other_io_sync.v
ciu/rtl/ct_piu_top.v
ciu/rtl/ct_piu_top_dummy.v
ciu/rtl/ct_piu_top_dummy_device.v
pmp/rtl/ct_pmp_acc.v
pmp/rtl/ct_pmp_comp_hit.v
pmp/rtl/ct_pmp_regs.v
pmp/rtl/ct_pmp_top.v
ciu/rtl/ct_prio.v
cpu/rtl/ct_rmu_top_dummy.v
rst/rtl/ct_rst_top.v
rtu/rtl/ct_rtu_compare_iid.v
rtu/rtl/ct_rtu_encode_32.v
rtu/rtl/ct_rtu_encode_64.v
rtu/rtl/ct_rtu_encode_8.v
rtu/rtl/ct_rtu_encode_96.v
rtu/rtl/ct_rtu_expand_32.v
rtu/rtl/ct_rtu_expand_64.v
rtu/rtl/ct_rtu_expand_8.v
rtu/rtl/ct_rtu_expand_96.v
rtu/rtl/ct_rtu_pst_ereg.v
rtu/rtl/ct_rtu_pst_ereg_entry.v
rtu/rtl/ct_rtu_pst_preg.v
rtu/rtl/ct_rtu_pst_preg_entry.v
rtu/rtl/ct_rtu_pst_vreg.v
rtu/rtl/ct_rtu_pst_vreg_dummy.v
rtu/rtl/ct_rtu_pst_vreg_entry.v
rtu/rtl/ct_rtu_retire.v
rtu/rtl/ct_rtu_rob.v
rtu/rtl/ct_rtu_rob_entry.v
rtu/rtl/ct_rtu_rob_expt.v
rtu/rtl/ct_rtu_rob_rt.v
rtu/rtl/ct_rtu_top.v
l2c/rtl/ct_spsram_1024x128.v
l2c/rtl/ct_spsram_1024x144.v
lsu/rtl/ct_spsram_1024x32.v
ifu/rtl/ct_spsram_1024x59.v
ifu/rtl/ct_spsram_1024x64.v
l2c/rtl/ct_spsram_1024x92.v
l2c/rtl/ct_spsram_128x104.v
l2c/rtl/ct_spsram_128x144.v
ifu/rtl/ct_spsram_128x16.v
l2c/rtl/ct_spsram_16384x128.v
l2c/rtl/ct_spsram_2048x128.v
l2c/rtl/ct_spsram_2048x144.v
lsu/rtl/ct_spsram_2048x32.v
ifu/rtl/ct_spsram_2048x32_split.v
ifu/rtl/ct_spsram_2048x59.v
l2c/rtl/ct_spsram_2048x88.v
l2c/rtl/ct_spsram_256x100.v
l2c/rtl/ct_spsram_256x144.v
mmu/rtl/ct_spsram_256x196.v
ifu/rtl/ct_spsram_256x23.v
lsu/rtl/ct_spsram_256x52.v
lsu/rtl/ct_spsram_256x54.v
ifu/rtl/ct_spsram_256x59.v
lsu/rtl/ct_spsram_256x7.v
mmu/rtl/ct_spsram_256x84.v
l2c/rtl/ct_spsram_32768x128.v
l2c/rtl/ct_spsram_4096x128.v
l2c/rtl/ct_spsram_4096x144.v
lsu/rtl/ct_spsram_4096x32.v
l2c/rtl/ct_spsram_4096x84.v
l2c/rtl/ct_spsram_512x144.v
ifu/rtl/ct_spsram_512x22.v
ifu/rtl/ct_spsram_512x44.v
lsu/rtl/ct_spsram_512x52.v
lsu/rtl/ct_spsram_512x54.v
ifu/rtl/ct_spsram_512x59.v
lsu/rtl/ct_spsram_512x7.v
l2c/rtl/ct_spsram_512x96.v
l2c/rtl/ct_spsram_64x108.v
l2c/rtl/ct_spsram_65536x128.v
l2c/rtl/ct_spsram_8192x128.v
lsu/rtl/ct_spsram_8192x32.v
cpu/rtl/ct_sysio_kid.v
cpu/rtl/ct_sysio_top.v
cpu/rtl/ct_top.v
vfalu/rtl/ct_vfalu_dp_pipe6.v
vfalu/rtl/ct_vfalu_dp_pipe7.v
vfalu/rtl/ct_vfalu_top_pipe6.v
vfalu/rtl/ct_vfalu_top_pipe7.v
vfdsu/rtl/ct_vfdsu_ctrl.v
vfdsu/rtl/ct_vfdsu_double.v
vfdsu/rtl/ct_vfdsu_ff1.v
vfdsu/rtl/ct_vfdsu_pack.v
vfdsu/rtl/ct_vfdsu_prepare.v
vfdsu/rtl/ct_vfdsu_round.v
vfdsu/rtl/ct_vfdsu_scalar_dp.v
vfdsu/rtl/ct_vfdsu_srt.v
vfdsu/rtl/ct_vfdsu_srt_radix16_bound_table.v
vfdsu/rtl/ct_vfdsu_srt_radix16_only_div.v
vfdsu/rtl/ct_vfdsu_srt_radix16_with_sqrt.v
vfdsu/rtl/ct_vfdsu_top.v
vfmau/rtl/ct_vfmau_ctrl.v
vfmau/rtl/ct_vfmau_dp.v
vfmau/rtl/ct_vfmau_ff1_10bit.v
vfmau/rtl/ct_vfmau_lza.v
vfmau/rtl/ct_vfmau_lza_32.v
vfmau/rtl/ct_vfmau_lza_42.v
vfmau/rtl/ct_vfmau_lza_simd_half.v
vfmau/rtl/ct_vfmau_mult1.v
vfmau/rtl/ct_vfmau_mult_compressor.v
vfmau/rtl/ct_vfmau_mult_simd_half.v
vfmau/rtl/ct_vfmau_top.v
vfpu/rtl/ct_vfpu_cbus.v
vfpu/rtl/ct_vfpu_ctrl.v
vfpu/rtl/ct_vfpu_dp.v
vfpu/rtl/ct_vfpu_rbus.v
vfpu/rtl/ct_vfpu_top.v
fpga/rtl/fpga_ram.v
clk/rtl/gated_clk_cell.v
cpu/rtl/mp_top_golden_port.v
iu/rtl/multiplier_65x65_3_stage.v
plic/rtl/plic_32to1_arb.v
plic/rtl/plic_arb_ctrl.v
plic/rtl/plic_ctrl.v
plic/rtl/plic_granu2_arb.v
plic/rtl/plic_granu_arb.v
plic/rtl/plic_hart_arb.v
plic/rtl/plic_hreg_busif.v
plic/rtl/plic_int_kid.v
plic/rtl/plic_kid_busif.v
plic/rtl/plic_top.v
common/rtl/sync_level2level.v
common/rtl/sync_level2pulse.v
cpu/rtl/top_golden_port.v
logical/common/soc.v
logical/ahb/ahb.v
logical/apb/apb.v
logical/axi/axi2ahb.v
logical/axi/axi_err128.v
logical/axi/axi_fifo.v
logical/axi/axi_interconnect128.v
logical/axi/axi_slave128.v
logical/common/cpu_sub_system_axi.v
logical/common/err_gen.v
logical/mem/mem_ctrl.v
logical/ahb/ahb2apb.v
logical/apb/apb_bridge.v
logical/axi/axi_fifo_entry.v
logical/common/clk_gen.v
logical/common/fifo_counter.v
logical/common/rv_integration_platform.v
logical/common/timer.v
logical/common/wid_for_axi4.v
logical/gpio/gpio.v
logical/mem/f_spsram_32768x128.v
logical/mem/f_spsram_large.v
logical/mem/ram.v
logical/uart/uart.v
logical/pmu/pmu.v
logical/common/wid_entry.v
logical/gpio/gpio_apbif.v
logical/gpio/gpio_ctrl.v
logical/uart/uart_apb_reg.v
logical/uart/uart_baud_gen.v
logical/uart/uart_ctrl.v
logical/uart/uart_receive.v
logical/uart/uart_trans.v
logical/pmu/px_had_sync.v
logical/pmu/sync.v
logical/pmu/tap2_sm.v

